
https://firstsight.design/levre/mono/wp-content/themes/levre/assets/img/arrow-down.svg
https://firstsight.design/levre/mono/wp-content/themes/levre/assets/img/arrow-forward.svg
https://firstsight.design/levre/mono/wp-content/themes/levre/assets/img/arrow_left.svg
https://firstsight.design/levre/mono/wp-content/themes/levre/assets/img/arrow-left.svg
https://firstsight.design/levre/mono/wp-content/themes/levre/assets/img/arrow_right.svg
https://firstsight.design/levre/mono/wp-content/themes/levre/assets/img/arrow-right.svg
https://firstsight.design/levre/mono/wp-content/themes/levre/assets/img/arrow.svg
https://firstsight.design/levre/mono/wp-content/themes/levre/assets/img/arrow-up.svg
https://firstsight.design/levre/mono/wp-content/themes/levre/assets/img/arrow-white.svg
https://firstsight.design/levre/mono/wp-content/themes/levre/assets/img/bars.svg
https://firstsight.design/levre/mono/wp-content/themes/levre/assets/img/cart-icon.svg
https://firstsight.design/levre/mono/wp-content/themes/levre/assets/img/chevron.svg
https://firstsight.design/levre/mono/wp-content/themes/levre/assets/img/close.svg
https://firstsight.design/levre/mono/wp-content/themes/levre/assets/img/empty-cart.svg
https://firstsight.design/levre/mono/wp-content/themes/levre/assets/img/heart-icon-fill.svg
https://firstsight.design/levre/mono/wp-content/themes/levre/assets/img/heart-icon.svg
https://firstsight.design/levre/mono/wp-content/themes/levre/assets/img/heart-icon-white.svg
https://firstsight.design/levre/mono/wp-content/themes/levre/assets/img/link-arrow.svg
https://firstsight.design/levre/mono/wp-content/themes/levre/assets/img/minus-quantity.svg
https://firstsight.design/levre/mono/wp-content/themes/levre/assets/img/plus-quantity.svg
https://firstsight.design/levre/mono/wp-content/themes/levre/assets/img/plus.svg
https://firstsight.design/levre/mono/wp-content/themes/levre/assets/img/right-pagination-arrow.svg
https://firstsight.design/levre/mono/wp-content/themes/levre/assets/img/search-1.svg
https://firstsight.design/levre/mono/wp-content/themes/levre/assets/img/search-2.svg
https://firstsight.design/levre/mono/wp-content/themes/levre/assets/img/search-black.svg
https://firstsight.design/levre/mono/wp-content/themes/levre/assets/img/search.svg
https://firstsight.design/levre/mono/wp-content/themes/levre/assets/img/user-black.svg
https://firstsight.design/levre/mono/wp-content/themes/levre/assets/img/wishlist-black.svg
https://firstsight.design/levre/mono/wp-content/uploads/2021/04/Email.png
https://firstsight.design/levre/mono/wp-content/uploads/2021/04/From-Founder@2x-768x930.jpg
https://firstsight.design/levre/mono/wp-content/uploads/2021/04/Gift-Cards-1@2x.jpg
https://firstsight.design/levre/mono/wp-content/uploads/2021/04/Gift-Cards-2@2x.jpg
https://firstsight.design/levre/mono/wp-content/uploads/2021/04/Ingredients@2x-768x930.jpg
https://firstsight.design/levre/mono/wp-content/uploads/2021/04/Join-Our-Team@2x-768x930.jpg
https://firstsight.design/levre/mono/wp-content/uploads/2021/04/What-Makes-Us-Different@2x-768x930.jpg
https://firstsight.design/levre/mono/wp-content/uploads/2021/05/Blog-10@4x-512x681.jpg
https://firstsight.design/levre/mono/wp-content/uploads/2021/05/Blog-11@4x-512x681.jpg
https://firstsight.design/levre/mono/wp-content/uploads/2021/05/Blog-12@4x-512x681.jpg
https://firstsight.design/levre/mono/wp-content/uploads/2021/05/Blog-2@4x-512x681.jpg
https://firstsight.design/levre/mono/wp-content/uploads/2021/05/Blog-3@4x-512x681.jpg
https://firstsight.design/levre/mono/wp-content/uploads/2021/05/Blog-4@4x-512x681.jpg
https://firstsight.design/levre/mono/wp-content/uploads/2021/05/Blog-5@4x-512x681.jpg
https://firstsight.design/levre/mono/wp-content/uploads/2021/05/Blog-5@4x-768x768.jpg
https://firstsight.design/levre/mono/wp-content/uploads/2021/05/Blog-6@4x-512x681.jpg
https://firstsight.design/levre/mono/wp-content/uploads/2021/05/Blog-7@4x-512x681.jpg
https://firstsight.design/levre/mono/wp-content/uploads/2021/05/Blog-8@4x-512x681.jpg
https://firstsight.design/levre/mono/wp-content/uploads/2021/05/Blog-9@4x-512x681.jpg
https://firstsight.design/levre/mono/wp-content/uploads/2021/05/Body-1024x1024.jpg
https://firstsight.design/levre/mono/wp-content/uploads/2021/05/Body@2x-512x681.jpg
https://firstsight.design/levre/mono/wp-content/uploads/2021/05/Fragrance@2x-512x681.jpg
https://firstsight.design/levre/mono/wp-content/uploads/2021/05/Gift-Card-1-683x908.png
https://firstsight.design/levre/mono/wp-content/uploads/2021/05/Gift-Card-2-683x908.png
https://firstsight.design/levre/mono/wp-content/uploads/2021/05/Gift-Cards@2x-768x930.jpg
https://firstsight.design/levre/mono/wp-content/uploads/2021/05/Home-2-1-1024x1024.jpg
https://firstsight.design/levre/mono/wp-content/uploads/2021/05/Home-2-2-1024x1024.jpg
https://firstsight.design/levre/mono/wp-content/uploads/2021/05/Home-2-3-1024x1024.jpg
https://firstsight.design/levre/mono/wp-content/uploads/2021/05/Home-2-4-1024x1024.jpg
https://firstsight.design/levre/mono/wp-content/uploads/2021/05/Ingredients@2x-768x930.jpg
https://firstsight.design/levre/mono/wp-content/uploads/2021/05/Item-1024x1024.jpg
https://firstsight.design/levre/mono/wp-content/uploads/2021/05/Jo-Malone@2x-1024x1024.jpg
https://firstsight.design/levre/mono/wp-content/uploads/2021/05/logo.svg
https://firstsight.design/levre/mono/wp-content/uploads/2021/05/logo-white.svg
https://firstsight.design/levre/mono/wp-content/uploads/2021/05/Mask-1024x1024.jpg
https://firstsight.design/levre/mono/wp-content/uploads/2021/05/Ouai@2x-1024x1024.jpg
https://firstsight.design/levre/mono/wp-content/uploads/2021/05/Product_10@4x-512x681.jpg
https://firstsight.design/levre/mono/wp-content/uploads/2021/05/Product_10@4x-683x908.jpg
https://firstsight.design/levre/mono/wp-content/uploads/2021/05/Product_11@4x-225x300.jpg
https://firstsight.design/levre/mono/wp-content/uploads/2021/05/Product_11@4x-512x681.jpg
https://firstsight.design/levre/mono/wp-content/uploads/2021/05/Product_11@4x-683x908.jpg
https://firstsight.design/levre/mono/wp-content/uploads/2021/05/Product_11@4x-769x1024.jpg
https://firstsight.design/levre/mono/wp-content/uploads/2021/05/Product_11@4x.jpg
https://firstsight.design/levre/mono/wp-content/uploads/2021/05/Product_12@4x-512x681.jpg
https://firstsight.design/levre/mono/wp-content/uploads/2021/05/Product_12@4x-683x908.jpg
https://firstsight.design/levre/mono/wp-content/uploads/2021/05/Product_1@4x-512x681.jpg
https://firstsight.design/levre/mono/wp-content/uploads/2021/05/Product_1@4x-683x908.jpg
https://firstsight.design/levre/mono/wp-content/uploads/2021/05/Product_2@4x-512x681.jpg
https://firstsight.design/levre/mono/wp-content/uploads/2021/05/Product_2@4x-683x908.jpg
https://firstsight.design/levre/mono/wp-content/uploads/2021/05/Product_3@4x-512x681.jpg
https://firstsight.design/levre/mono/wp-content/uploads/2021/05/Product_3@4x-683x908.jpg
https://firstsight.design/levre/mono/wp-content/uploads/2021/05/Product_4@4x-225x300.jpg
https://firstsight.design/levre/mono/wp-content/uploads/2021/05/Product_4@4x-512x681.jpg
https://firstsight.design/levre/mono/wp-content/uploads/2021/05/Product_4@4x-683x908.jpg
https://firstsight.design/levre/mono/wp-content/uploads/2021/05/Product_4@4x-769x1024.jpg
https://firstsight.design/levre/mono/wp-content/uploads/2021/05/Product_4@4x.jpg
https://firstsight.design/levre/mono/wp-content/uploads/2021/05/Product_5@4x-512x681.jpg
https://firstsight.design/levre/mono/wp-content/uploads/2021/05/Product_5@4x-683x908.jpg
https://firstsight.design/levre/mono/wp-content/uploads/2021/05/Product_6@4x-512x681.jpg
https://firstsight.design/levre/mono/wp-content/uploads/2021/05/Product_6@4x-683x908.jpg
https://firstsight.design/levre/mono/wp-content/uploads/2021/05/Product_7@4x-225x300.jpg
https://firstsight.design/levre/mono/wp-content/uploads/2021/05/Product_7@4x-512x681.jpg
https://firstsight.design/levre/mono/wp-content/uploads/2021/05/Product_7@4x-683x908.jpg
https://firstsight.design/levre/mono/wp-content/uploads/2021/05/Product_7@4x-769x1024.jpg
https://firstsight.design/levre/mono/wp-content/uploads/2021/05/Product_7@4x.jpg
https://firstsight.design/levre/mono/wp-content/uploads/2021/05/Product_8@4x-225x300.jpg
https://firstsight.design/levre/mono/wp-content/uploads/2021/05/Product_8@4x-512x681.jpg
https://firstsight.design/levre/mono/wp-content/uploads/2021/05/Product_8@4x-769x1024.jpg
https://firstsight.design/levre/mono/wp-content/uploads/2021/05/Product_8@4x.jpg
https://firstsight.design/levre/mono/wp-content/uploads/2021/05/Skincare@2x-512x681.jpg
https://firstsight.design/levre/mono/wp-content/uploads/2021/05/Sustainability@2x-768x930.jpg
https://firstsight.design/levre/mono/wp-content/uploads/2021/05/This-Works@2x-1024x1024.jpg
https://firstsight.design/levre/mono/wp-content/uploads/2021/05/video-preview@2x-1-769x1024.jpg
https://firstsight.design/levre/mono/wp-content/uploads/2021/05/Wellbeing-1024x1024.jpg
https://firstsight.design/levre/mono/wp-content/uploads/2021/05/Wellbeing@2x-512x681.jpg
https://firstsight.design/levre/mono/wp-content/uploads/2021/06/1-768x930.jpg
https://firstsight.design/levre/mono/wp-content/uploads/2021/06/2-768x930.jpg
https://firstsight.design/levre/mono/wp-content/uploads/2021/06/CITYGUIDE-1.svg
https://firstsight.design/levre/mono/wp-content/uploads/2021/06/Contacts-Get-in-Touch@2x-768x930.jpg
https://firstsight.design/levre/mono/wp-content/uploads/2021/06/Gift-Cards-Electronic@2x-1-768x930.jpg
https://firstsight.design/levre/mono/wp-content/uploads/2021/06/Gift-Cards-Physical-768x930.jpg
https://firstsight.design/levre/mono/wp-content/uploads/2021/06/image-129-1.jpg
https://firstsight.design/levre/mono/wp-content/uploads/2021/06/LIFEMAG-1.svg
https://firstsight.design/levre/mono/wp-content/uploads/2021/06/logoipsum-logo-11.svg
https://firstsight.design/levre/mono/wp-content/uploads/2021/06/Our-Story-2.jpg
https://firstsight.design/levre/mono/wp-content/uploads/2021/06/WONDER-1.svg
https://firstsight.design/levre/mono/wp-content/uploads/2021/07/Bazaar-2.svg
https://firstsight.design/levre/mono/wp-content/uploads/2021/07/b.svg
https://firstsight.design/levre/mono/wp-content/uploads/2021/07/dior_d.svg
https://firstsight.design/levre/mono/wp-content/uploads/2021/07/Elle-1.svg
https://firstsight.design/levre/mono/wp-content/uploads/2021/07/g.svg
https://firstsight.design/levre/mono/wp-content/uploads/2021/07/l.svg
https://firstsight.design/levre/mono/wp-content/uploads/2021/07/sephora.svg
https://firstsight.design/levre/mono/wp-content/uploads/2021/07/Vogue.svg
https://firstsight.design/levre/mono/wp-content/uploads/sb-instagram-feed-images/198456121_171944458275454_4937726162748833823_nfull.jpg
https://firstsight.design/levre/mono/wp-content/uploads/sb-instagram-feed-images/198854678_120524846872627_2369386129610394936_nfull.jpg
https://firstsight.design/levre/mono/wp-content/uploads/sb-instagram-feed-images/198943707_198170285507822_39012181908195284_nfull.jpg
https://firstsight.design/levre/mono/wp-content/uploads/sb-instagram-feed-images/199172830_526260028405976_6655725532694934827_nfull.jpg
https://firstsight.design/levre/mono/wp-content/uploads/sb-instagram-feed-images/199306321_836808066976745_625902175689187417_nfull.jpg
https://firstsight.design/levre/mono/wp-content/uploads/sb-instagram-feed-images/199808388_199944495329362_5459677962879973142_nfull.jpg
https://firstsight.design/levre/mono/wp-content/uploads/sb-instagram-feed-images/199980176_3965277606904438_1172374746559366512_nfull.jpg
